// Jest Snapshot v1, https://goo.gl/fbAQLP

exports[`Testing in component <FirstApp/> FirstApp return Hola, soy Turiano 1`] = `
<Fragment>
  <h1>
    Hola, soy Turiano
  </h1>
  <p>
    Lorem ipsum dolor repudiandae debitis molestiae illo nobis dolorum esse Voluptate
  </p>
</Fragment>
`;
